Archive member included to satisfy reference by file (symbol)

/opt/stm32cubeide/plugins/com.st.stm32cube.ide.mcu.externaltools.gnu-tools-for-stm32.9-2020-q2-update.linux64_2.0.0.202105311346/tools/bin/../lib/gcc/arm-none-eabi/9.3.1/../../../../arm-none-eabi/lib/thumb/v6-m/nofp/libc_nano.a(lib_a-errno.o)
                              ./Core/Src/syscalls.o (__errno)
/opt/stm32cubeide/plugins/com.st.stm32cube.ide.mcu.externaltools.gnu-tools-for-stm32.9-2020-q2-update.linux64_2.0.0.202105311346/tools/bin/../lib/gcc/arm-none-eabi/9.3.1/../../../../arm-none-eabi/lib/thumb/v6-m/nofp/libc_nano.a(lib_a-exit.o)
                              /opt/stm32cubeide/plugins/com.st.stm32cube.ide.mcu.externaltools.gnu-tools-for-stm32.9-2020-q2-update.linux64_2.0.0.202105311346/tools/bin/../lib/gcc/arm-none-eabi/9.3.1/../../../../arm-none-eabi/lib/thumb/v6-m/nofp/crt0.o (exit)
/opt/stm32cubeide/plugins/com.st.stm32cube.ide.mcu.externaltools.gnu-tools-for-stm32.9-2020-q2-update.linux64_2.0.0.202105311346/tools/bin/../lib/gcc/arm-none-eabi/9.3.1/../../../../arm-none-eabi/lib/thumb/v6-m/nofp/libc_nano.a(lib_a-impure.o)
                              /opt/stm32cubeide/plugins/com.st.stm32cube.ide.mcu.externaltools.gnu-tools-for-stm32.9-2020-q2-update.linux64_2.0.0.202105311346/tools/bin/../lib/gcc/arm-none-eabi/9.3.1/../../../../arm-none-eabi/lib/thumb/v6-m/nofp/libc_nano.a(lib_a-exit.o) (_global_impure_ptr)
/opt/stm32cubeide/plugins/com.st.stm32cube.ide.mcu.externaltools.gnu-tools-for-stm32.9-2020-q2-update.linux64_2.0.0.202105311346/tools/bin/../lib/gcc/arm-none-eabi/9.3.1/../../../../arm-none-eabi/lib/thumb/v6-m/nofp/libc_nano.a(lib_a-init.o)
                              /opt/stm32cubeide/plugins/com.st.stm32cube.ide.mcu.externaltools.gnu-tools-for-stm32.9-2020-q2-update.linux64_2.0.0.202105311346/tools/bin/../lib/gcc/arm-none-eabi/9.3.1/../../../../arm-none-eabi/lib/thumb/v6-m/nofp/crt0.o (__libc_init_array)
/opt/stm32cubeide/plugins/com.st.stm32cube.ide.mcu.externaltools.gnu-tools-for-stm32.9-2020-q2-update.linux64_2.0.0.202105311346/tools/bin/../lib/gcc/arm-none-eabi/9.3.1/../../../../arm-none-eabi/lib/thumb/v6-m/nofp/libc_nano.a(lib_a-memset.o)
                              /opt/stm32cubeide/plugins/com.st.stm32cube.ide.mcu.externaltools.gnu-tools-for-stm32.9-2020-q2-update.linux64_2.0.0.202105311346/tools/bin/../lib/gcc/arm-none-eabi/9.3.1/../../../../arm-none-eabi/lib/thumb/v6-m/nofp/crt0.o (memset)
/opt/stm32cubeide/plugins/com.st.stm32cube.ide.mcu.externaltools.gnu-tools-for-stm32.9-2020-q2-update.linux64_2.0.0.202105311346/tools/bin/../lib/gcc/arm-none-eabi/9.3.1/thumb/v6-m/nofp/libgcc.a(_udivsi3.o)
                              ./Core/Src/adc.o (__aeabi_uidiv)
/opt/stm32cubeide/plugins/com.st.stm32cube.ide.mcu.externaltools.gnu-tools-for-stm32.9-2020-q2-update.linux64_2.0.0.202105311346/tools/bin/../lib/gcc/arm-none-eabi/9.3.1/thumb/v6-m/nofp/libgcc.a(_dvmd_tls.o)
                              /opt/stm32cubeide/plugins/com.st.stm32cube.ide.mcu.externaltools.gnu-tools-for-stm32.9-2020-q2-update.linux64_2.0.0.202105311346/tools/bin/../lib/gcc/arm-none-eabi/9.3.1/thumb/v6-m/nofp/libgcc.a(_udivsi3.o) (__aeabi_idiv0)
/opt/stm32cubeide/plugins/com.st.stm32cube.ide.mcu.externaltools.gnu-tools-for-stm32.9-2020-q2-update.linux64_2.0.0.202105311346/tools/bin/../lib/gcc/arm-none-eabi/9.3.1/thumb/v6-m/nofp/libgcc.a(_aeabi_uldivmod.o)
                              ./Drivers/STM32L0xx_HAL_Driver/Src/stm32l0xx_hal_rcc.o (__aeabi_uldivmod)
/opt/stm32cubeide/plugins/com.st.stm32cube.ide.mcu.externaltools.gnu-tools-for-stm32.9-2020-q2-update.linux64_2.0.0.202105311346/tools/bin/../lib/gcc/arm-none-eabi/9.3.1/thumb/v6-m/nofp/libgcc.a(_muldi3.o)
                              ./Drivers/STM32L0xx_HAL_Driver/Src/stm32l0xx_hal_rcc.o (__aeabi_lmul)
/opt/stm32cubeide/plugins/com.st.stm32cube.ide.mcu.externaltools.gnu-tools-for-stm32.9-2020-q2-update.linux64_2.0.0.202105311346/tools/bin/../lib/gcc/arm-none-eabi/9.3.1/thumb/v6-m/nofp/libgcc.a(_udivmoddi4.o)
                              /opt/stm32cubeide/plugins/com.st.stm32cube.ide.mcu.externaltools.gnu-tools-for-stm32.9-2020-q2-update.linux64_2.0.0.202105311346/tools/bin/../lib/gcc/arm-none-eabi/9.3.1/thumb/v6-m/nofp/libgcc.a(_aeabi_uldivmod.o) (__udivmoddi4)
/opt/stm32cubeide/plugins/com.st.stm32cube.ide.mcu.externaltools.gnu-tools-for-stm32.9-2020-q2-update.linux64_2.0.0.202105311346/tools/bin/../lib/gcc/arm-none-eabi/9.3.1/thumb/v6-m/nofp/libgcc.a(_clzdi2.o)
                              /opt/stm32cubeide/plugins/com.st.stm32cube.ide.mcu.externaltools.gnu-tools-for-stm32.9-2020-q2-update.linux64_2.0.0.202105311346/tools/bin/../lib/gcc/arm-none-eabi/9.3.1/thumb/v6-m/nofp/libgcc.a(_udivmoddi4.o) (__clzdi2)
/opt/stm32cubeide/plugins/com.st.stm32cube.ide.mcu.externaltools.gnu-tools-for-stm32.9-2020-q2-update.linux64_2.0.0.202105311346/tools/bin/../lib/gcc/arm-none-eabi/9.3.1/thumb/v6-m/nofp/libgcc.a(_clzsi2.o)
[...]
Memory Configuration

Name             Origin             Length             Attributes
RAM              0x0000000020000000 0x0000000000000800 xrw
FLASH            0x0000000008000000 0x0000000000004000 xr
*default*        0x0000000000000000 0xffffffffffffffff

Linker script and memory map

LOAD /opt/stm32cubeide/plugins/com.st.stm32cube.ide.mcu.externaltools.gnu-tools-for-stm32.9-2020-q2-update.linux64_2.0.0.202105311346/tools/bin/../lib/gcc/arm-none-eabi/9.3.1/thumb/v6-m/nofp/crti.o
LOAD /opt/stm32cubeide/plugins/com.st.stm32cube.ide.mcu.externaltools.gnu-tools-for-stm32.9-2020-q2-update.linux64_2.0.0.202105311346/tools/bin/../lib/gcc/arm-none-eabi/9.3.1/thumb/v6-m/nofp/crtbegin.o
LOAD /opt/stm32cubeide/plugins/com.st.stm32cube.ide.mcu.externaltools.gnu-tools-for-stm32.9-2020-q2-update.linux64_2.0.0.202105311346/tools/bin/../lib/gcc/arm-none-eabi/9.3.1/../../../../arm-none-eabi/lib/thumb/v6-m/nofp/crt0.o
LOAD ./Core/Src/Led.o
LOAD ./Core/Src/TimeBase.o
LOAD ./Core/Src/adc.o
LOAD ./Core/Src/gpio.o
LOAD ./Core/Src/main.o
LOAD ./Core/Src/spi.o
LOAD ./Core/Src/stm32l0xx_hal_msp.o
LOAD ./Core/Src/stm32l0xx_it.o
LOAD ./Core/Src/syscalls.o
LOAD ./Core/Src/sysmem.o
LOAD ./Core/Src/system_stm32l0xx.o
LOAD ./Core/Src/tim.o
LOAD ./Core/Src/usart.o
LOAD ./Core/Startup/startup_stm32l021k4tx.o
LOAD ./Drivers/STM32L0xx_HAL_Driver/Src/stm32l0xx_hal.o
LOAD ./Drivers/STM32L0xx_HAL_Driver/Src/stm32l0xx_hal_cortex.o
LOAD ./Drivers/STM32L0xx_HAL_Driver/Src/stm32l0xx_hal_dma.o
LOAD ./Drivers/STM32L0xx_HAL_Driver/Src/stm32l0xx_hal_exti.o
LOAD ./Drivers/STM32L0xx_HAL_Driver/Src/stm32l0xx_hal_flash.o
LOAD ./Drivers/STM32L0xx_HAL_Driver/Src/stm32l0xx_hal_flash_ex.o
LOAD ./Drivers/STM32L0xx_HAL_Driver/Src/stm32l0xx_hal_flash_ramfunc.o
LOAD ./Drivers/STM32L0xx_HAL_Driver/Src/stm32l0xx_hal_gpio.o
LOAD ./Drivers/STM32L0xx_HAL_Driver/Src/stm32l0xx_hal_i2c.o
LOAD ./Drivers/STM32L0xx_HAL_Driver/Src/stm32l0xx_hal_i2c_ex.o
LOAD ./Drivers/STM32L0xx_HAL_Driver/Src/stm32l0xx_hal_pwr.o
LOAD ./Drivers/STM32L0xx_HAL_Driver/Src/stm32l0xx_hal_pwr_ex.o
LOAD ./Drivers/STM32L0xx_HAL_Driver/Src/stm32l0xx_hal_rcc.o
LOAD ./Drivers/STM32L0xx_HAL_Driver/Src/stm32l0xx_hal_rcc_ex.o
LOAD ./Drivers/STM32L0xx_HAL_Driver/Src/stm32l0xx_hal_tim.o
LOAD ./Drivers/STM32L0xx_HAL_Driver/Src/stm32l0xx_hal_tim_ex.o
LOAD ./Drivers/STM32L0xx_HAL_Driver/Src/stm32l0xx_ll_adc.o
LOAD ./Drivers/STM32L0xx_HAL_Driver/Src/stm32l0xx_ll_dma.o
LOAD ./Drivers/STM32L0xx_HAL_Driver/Src/stm32l0xx_ll_exti.o
LOAD ./Drivers/STM32L0xx_HAL_Driver/Src/stm32l0xx_ll_gpio.o
LOAD ./Drivers/STM32L0xx_HAL_Driver/Src/stm32l0xx_ll_rcc.o
LOAD ./Drivers/STM32L0xx_HAL_Driver/Src/stm32l0xx_ll_spi.o
LOAD ./Drivers/STM32L0xx_HAL_Driver/Src/stm32l0xx_ll_tim.o
LOAD ./Drivers/STM32L0xx_HAL_Driver/Src/stm32l0xx_ll_usart.o
LOAD ./Drivers/STM32L0xx_HAL_Driver/Src/stm32l0xx_ll_utils.o
START GROUP
LOAD /opt/stm32cubeide/plugins/com.st.stm32cube.ide.mcu.externaltools.gnu-tools-for-stm32.9-2020-q2-update.linux64_2.0.0.202105311346/tools/bin/../lib/gcc/arm-none-eabi/9.3.1/../../../../arm-none-eabi/lib/thumb/v6-m/nofp/libc_nano.a
LOAD /opt/stm32cubeide/plugins/com.st.stm32cube.ide.mcu.externaltools.gnu-tools-for-stm32.9-2020-q2-update.linux64_2.0.0.202105311346/tools/bin/../lib/gcc/arm-none-eabi/9.3.1/../../../../arm-none-eabi/lib/thumb/v6-m/nofp/libm.a
END GROUP
START GROUP
LOAD /opt/stm32cubeide/plugins/com.st.stm32cube.ide.mcu.externaltools.gnu-tools-for-stm32.9-2020-q2-update.linux64_2.0.0.202105311346/tools/bin/../lib/gcc/arm-none-eabi/9.3.1/thumb/v6-m/nofp/libgcc.a
LOAD /opt/stm32cubeide/plugins/com.st.stm32cube.ide.mcu.externaltools.gnu-tools-for-stm32.9-2020-q2-update.linux64_2.0.0.202105311346/tools/bin/../lib/gcc/arm-none-eabi/9.3.1/../../../../arm-none-eabi/lib/thumb/v6-m/nofp/libc_nano.a
END GROUP
START GROUP
LOAD /opt/stm32cubeide/plugins/com.st.stm32cube.ide.mcu.externaltools.gnu-tools-for-stm32.9-2020-q2-update.linux64_2.0.0.202105311346/tools/bin/../lib/gcc/arm-none-eabi/9.3.1/thumb/v6-m/nofp/libgcc.a
LOAD /opt/stm32cubeide/plugins/com.st.stm32cube.ide.mcu.externaltools.gnu-tools-for-stm32.9-2020-q2-update.linux64_2.0.0.202105311346/tools/bin/../lib/gcc/arm-none-eabi/9.3.1/../../../../arm-none-eabi/lib/thumb/v6-m/nofp/libc_nano.a
LOAD /opt/stm32cubeide/plugins/com.st.stm32cube.ide.mcu.externaltools.gnu-tools-for-stm32.9-2020-q2-update.linux64_2.0.0.202105311346/tools/bin/../lib/gcc/arm-none-eabi/9.3.1/../../../../arm-none-eabi/lib/thumb/v6-m/nofp/libnosys.a
END GROUP
START GROUP
LOAD /opt/stm32cubeide/plugins/com.st.stm32cube.ide.mcu.externaltools.gnu-tools-for-stm32.9-2020-q2-update.linux64_2.0.0.202105311346/tools/bin/../lib/gcc/arm-none-eabi/9.3.1/thumb/v6-m/nofp/libgcc.a
LOAD /opt/stm32cubeide/plugins/com.st.stm32cube.ide.mcu.externaltools.gnu-tools-for-stm32.9-2020-q2-update.linux64_2.0.0.202105311346/tools/bin/../lib/gcc/arm-none-eabi/9.3.1/../../../../arm-none-eabi/lib/thumb/v6-m/nofp/libc_nano.a
LOAD /opt/stm32cubeide/plugins/com.st.stm32cube.ide.mcu.externaltools.gnu-tools-for-stm32.9-2020-q2-update.linux64_2.0.0.202105311346/tools/bin/../lib/gcc/arm-none-eabi/9.3.1/../../../../arm-none-eabi/lib/thumb/v6-m/nofp/libnosys.a
END GROUP
LOAD /opt/stm32cubeide/plugins/com.st.stm32cube.ide.mcu.externaltools.gnu-tools-for-stm32.9-2020-q2-update.linux64_2.0.0.202105311346/tools/bin/../lib/gcc/arm-none-eabi/9.3.1/thumb/v6-m/nofp/crtend.o
LOAD /opt/stm32cubeide/plugins/com.st.stm32cube.ide.mcu.externaltools.gnu-tools-for-stm32.9-2020-q2-update.linux64_2.0.0.202105311346/tools/bin/../lib/gcc/arm-none-eabi/9.3.1/thumb/v6-m/nofp/crtn.o
                0x0000000020000800                _estack = (ORIGIN (RAM) + LENGTH (RAM))
                0x0000000000000200                _Min_Heap_Size = 0x200
                0x0000000000000400                _Min_Stack_Size = 0x400

.isr_vector     0x0000000008000000       0xc0
                0x0000000008000000                . = ALIGN (0x4)
 *(.isr_vector)
 .isr_vector    0x0000000008000000       0xc0 ./Core/Startup/startup_stm32l021k4tx.o
                0x0000000008000000                g_pfnVectors
                0x00000000080000c0                . = ALIGN (0x4)

.text           0x00000000080000c0     0x28cc
                0x00000000080000c0                . = ALIGN (0x4)
 *(.text)
 .text          0x00000000080000c0       0x48 /opt/stm32cubeide/plugins/com.st.stm32cube.ide.mcu.externaltools.gnu-tools-for-stm32.9-2020-q2-update.linux64_2.0.0.202105311346/tools/bin/../lib/gcc/arm-none-eabi/9.3.1/thumb/v6-m/nofp/crtbegin.o
 .text          0x0000000008000108      0x114 /opt/stm32cubeide/plugins/com.st.stm32cube.ide.mcu.externaltools.gnu-tools-for-stm32.9-2020-q2-update.linux64_2.0.0.202105311346/tools/bin/../lib/gcc/arm-none-eabi/9.3.1/thumb/v6-m/nofp/libgcc.a(_udivsi3.o)
                0x0000000008000108                __udivsi3
                0x0000000008000108                __aeabi_uidiv
                0x0000000008000214                __aeabi_uidivmod
 .text          0x000000000800021c        0x4 /opt/stm32cubeide/plugins/com.st.stm32cube.ide.mcu.externaltools.gnu-tools-for-stm32.9-2020-q2-update.linux64_2.0.0.202105311346/tools/bin/../lib/gcc/arm-none-eabi/9.3.1/thumb/v6-m/nofp/libgcc.a(_dvmd_tls.o)
                0x000000000800021c                __aeabi_ldiv0
                0x000000000800021c                __aeabi_idiv0
 *(.text*)
 .text.LL_TIM_EnableCounter
                0x0000000008000220       0x1c ./Core/Src/Led.o
 .text.LL_TIM_CC_EnableChannel
                0x000000000800023c       0x1e ./Core/Src/Led.o
 .text.LL_TIM_OC_SetCompareCH1
                0x000000000800025a       0x18 ./Core/Src/Led.o
 .text.LedStart
                0x0000000008000272       0x26 ./Core/Src/Led.o
                0x0000000008000272                LedStart
 .text.LedSetValue
                0x0000000008000298       0x20 ./Core/Src/Led.o
                0x0000000008000298                LedSetValue
 .text.LedPulse
                0x00000000080002b8       0x52 ./Core/Src/Led.o
                0x00000000080002b8                LedPulse
 *fill*         0x000000000800030a        0x2 
 .text.LL_ADC_SetCommonFrequencyMode
                0x000000000800030c       0x28 ./Core/Src/adc.o
 .text.LL_ADC_SetSamplingTimeCommonChannels
                0x0000000008000334       0x24 ./Core/Src/adc.o
 .text.LL_ADC_REG_SetSequencerScanDirection
                0x0000000008000358       0x24 ./Core/Src/adc.o
 .text.LL_ADC_REG_SetSequencerChAdd
                0x000000000800037c       0x22 ./Core/Src/adc.o
 .text.LL_ADC_SetOverSamplingScope
                0x000000000800039e       0x24 ./Core/Src/adc.o
 *fill*         0x00000000080003c2        0x2 
 .text.LL_ADC_EnableInternalRegulator
                0x00000000080003c4       0x28 ./Core/Src/adc.o
 .text.LL_ADC_DisableIT_EOC
                0x00000000080003ec       0x1e ./Core/Src/adc.o
 .text.LL_ADC_DisableIT_EOS
                0x000000000800040a       0x1e ./Core/Src/adc.o
 .text.LL_APB2_GRP1_EnableClock
                0x0000000008000428       0x2c ./Core/Src/adc.o
 .text.LL_IOP_GRP1_EnableClock
                0x0000000008000454       0x2c ./Core/Src/adc.o
 .text.MX_ADC_Init
                0x0000000008000480      0x154 ./Core/Src/adc.o
                0x0000000008000480                MX_ADC_Init
 .text.LL_IOP_GRP1_EnableClock
                0x00000000080005d4       0x2c ./Core/Src/gpio.o
 .text.LL_GPIO_ResetOutputPin
                0x0000000008000600       0x18 ./Core/Src/gpio.o
 .text.MX_GPIO_Init
                0x0000000008000618       0x92 ./Core/Src/gpio.o
                0x0000000008000618                MX_GPIO_Init
 *fill*         0x00000000080006aa        0x2 
 .text.LL_RCC_HSI_Enable
                0x00000000080006ac       0x1c ./Core/Src/main.o
 .text.LL_RCC_HSI_IsReady
                0x00000000080006c8       0x20 ./Core/Src/main.o
 .text.LL_RCC_HSI_SetCalibTrimming
                0x00000000080006e8       0x2c ./Core/Src/main.o
 .text.LL_RCC_SetSysClkSource
                0x0000000008000714       0x28 ./Core/Src/main.o
 .text.LL_RCC_GetSysClkSource
                0x000000000800073c       0x18 ./Core/Src/main.o
 .text.LL_RCC_SetAHBPrescaler
                0x0000000008000754       0x28 ./Core/Src/main.o
 .text.LL_RCC_SetAPB1Prescaler
                0x000000000800077c       0x2c ./Core/Src/main.o
 .text.LL_RCC_SetAPB2Prescaler
                0x00000000080007a8       0x2c ./Core/Src/main.o
 .text.LL_RCC_SetUSARTClockSource
                0x00000000080007d4       0x30 ./Core/Src/main.o
 .text.LL_RCC_PLL_Enable
                0x0000000008000804       0x1c ./Core/Src/main.o
 .text.LL_RCC_PLL_IsReady
                0x0000000008000820       0x28 ./Core/Src/main.o
 .text.LL_RCC_PLL_ConfigDomain_SYS
                0x0000000008000848       0x38 ./Core/Src/main.o
 .text.LL_FLASH_SetLatency
                0x0000000008000880       0x28 ./Core/Src/main.o
 .text.LL_FLASH_GetLatency
                0x00000000080008a8       0x18 ./Core/Src/main.o
 .text.LL_PWR_SetRegulVoltageScaling
                0x00000000080008c0       0x2c ./Core/Src/main.o
 .text.main     0x00000000080008ec       0x4c ./Core/Src/main.o
                0x00000000080008ec                main
 .text.SystemClock_Config
                0x0000000008000938       0xa4 ./Core/Src/main.o
                0x0000000008000938                SystemClock_Config
 .text.Error_Handler
                0x00000000080009dc        0xa ./Core/Src/main.o
                0x00000000080009dc                Error_Handler
 *fill*         0x00000000080009e6        0x2 
 .text.LL_APB2_GRP1_EnableClock
                0x00000000080009e8       0x2c ./Core/Src/spi.o
 .text.LL_IOP_GRP1_EnableClock
                0x0000000008000a14       0x2c ./Core/Src/spi.o
 .text.LL_SPI_SetStandard
                0x0000000008000a40       0x24 ./Core/Src/spi.o
 .text.MX_SPI1_Init
                0x0000000008000a64      0x130 ./Core/Src/spi.o
                0x0000000008000a64                MX_SPI1_Init
 .text.HAL_MspInit
                0x0000000008000b94       0x28 ./Core/Src/stm32l0xx_hal_msp.o
                0x0000000008000b94                HAL_MspInit
 .text.NMI_Handler
                0x0000000008000bbc        0x6 ./Core/Src/stm32l0xx_it.o
                0x0000000008000bbc                NMI_Handler
 .text.HardFault_Handler
                0x0000000008000bc2        0x6 ./Core/Src/stm32l0xx_it.o
                0x0000000008000bc2                HardFault_Handler
 .text.SVC_Handler
                0x0000000008000bc8        0xa ./Core/Src/stm32l0xx_it.o
                0x0000000008000bc8                SVC_Handler
 .text.PendSV_Handler
                0x0000000008000bd2        0xa ./Core/Src/stm32l0xx_it.o
                0x0000000008000bd2                PendSV_Handler
 .text.SysTick_Handler
                0x0000000008000bdc        0xe ./Core/Src/stm32l0xx_it.o
                0x0000000008000bdc                SysTick_Handler
 *fill*         0x0000000008000bea        0x2 
 .text.TIM21_IRQHandler
                0x0000000008000bec       0x18 ./Core/Src/stm32l0xx_it.o
                0x0000000008000bec                TIM21_IRQHandler
 .text.SystemInit
                0x0000000008000c04        0xa ./Core/Src/system_stm32l0xx.o
                0x0000000008000c04                SystemInit
 *fill*         0x0000000008000c0e        0x2 
 .text.LL_APB1_GRP1_EnableClock
                0x0000000008000c10       0x2c ./Core/Src/tim.o
 .text.LL_IOP_GRP1_EnableClock
                0x0000000008000c3c       0x2c ./Core/Src/tim.o
 .text.LL_TIM_DisableARRPreload
                0x0000000008000c68       0x1e ./Core/Src/tim.o
 *fill*         0x0000000008000c86        0x2 
 .text.LL_TIM_OC_DisableFast
                0x0000000008000c88       0x70 ./Core/Src/tim.o
 .text.LL_TIM_OC_EnablePreload
                0x0000000008000cf8       0x70 ./Core/Src/tim.o
 .text.LL_TIM_SetClockSource
                0x0000000008000d68       0x28 ./Core/Src/tim.o
 .text.LL_TIM_SetTriggerOutput
                0x0000000008000d90       0x24 ./Core/Src/tim.o
 .text.LL_TIM_DisableMasterSlaveMode
                0x0000000008000db4       0x1e ./Core/Src/tim.o
 .text.MX_TIM2_Init
                0x0000000008000dd2      0x10e ./Core/Src/tim.o
                0x0000000008000dd2                MX_TIM2_Init
 .text.MX_TIM21_Init
                0x0000000008000ee0       0xa8 ./Core/Src/tim.o
                0x0000000008000ee0                MX_TIM21_Init
 .text.HAL_TIM_Base_MspInit
                0x0000000008000f88       0x40 ./Core/Src/tim.o
                0x0000000008000f88                HAL_TIM_Base_MspInit
 .text.LL_APB1_GRP1_EnableClock
                0x0000000008000fc8       0x2c ./Core/Src/usart.o
 .text.LL_IOP_GRP1_EnableClock
                0x0000000008000ff4       0x2c ./Core/Src/usart.o
 .text.LL_USART_Enable
                0x0000000008001020       0x1c ./Core/Src/usart.o
 .text.LL_USART_ConfigAsyncMode
                0x000000000800103c       0x30 ./Core/Src/usart.o
 .text.MX_USART2_UART_Init
                0x000000000800106c       0xf0 ./Core/Src/usart.o
                0x000000000800106c                MX_USART2_UART_Init
 .text.Reset_Handler
                0x000000000800115c       0x80 ./Core/Startup/startup_stm32l021k4tx.o
                0x000000000800115c                Reset_Handler
 .text.Default_Handler
                0x00000000080011dc        0x2 ./Core/Startup/startup_stm32l021k4tx.o
                0x00000000080011dc                ADC1_COMP_IRQHandler
                0x00000000080011dc                PVD_IRQHandler
                0x00000000080011dc                I2C1_IRQHandler
                0x00000000080011dc                SPI1_IRQHandler
                0x00000000080011dc                EXTI2_3_IRQHandler
                0x00000000080011dc                AES_LPUART1_IRQHandler
                0x00000000080011dc                RTC_IRQHandler
                0x00000000080011dc                EXTI4_15_IRQHandler
                0x00000000080011dc                RCC_IRQHandler
                0x00000000080011dc                DMA1_Channel1_IRQHandler
                0x00000000080011dc                Default_Handler
                0x00000000080011dc                DMA1_Channel4_5_IRQHandler
                0x00000000080011dc                EXTI0_1_IRQHandler
                0x00000000080011dc                WWDG_IRQHandler
                0x00000000080011dc                TIM2_IRQHandler
                0x00000000080011dc                DMA1_Channel2_3_IRQHandler
                0x00000000080011dc                USART2_IRQHandler
                0x00000000080011dc                FLASH_IRQHandler
                0x00000000080011dc                LPTIM1_IRQHandler
 *fill*         0x00000000080011de        0x2 
 .text.HAL_Init
                0x00000000080011e0       0x40 ./Drivers/STM32L0xx_HAL_Driver/Src/stm32l0xx_hal.o
                0x00000000080011e0                HAL_Init
 .text.HAL_InitTick
                0x0000000008001220       0x68 ./Drivers/STM32L0xx_HAL_Driver/Src/stm32l0xx_hal.o
                0x0000000008001220                HAL_InitTick
 .text.HAL_IncTick
                0x0000000008001288       0x24 ./Drivers/STM32L0xx_HAL_Driver/Src/stm32l0xx_hal.o
                0x0000000008001288                HAL_IncTick
 .text.__NVIC_EnableIRQ
                0x00000000080012ac       0x34 ./Drivers/STM32L0xx_HAL_Driver/Src/stm32l0xx_hal_cortex.o
 .text.__NVIC_SetPriority
                0x00000000080012e0       0xdc ./Drivers/STM32L0xx_HAL_Driver/Src/stm32l0xx_hal_cortex.o
 .text.SysTick_Config
                0x00000000080013bc       0x48 ./Drivers/STM32L0xx_HAL_Driver/Src/stm32l0xx_hal_cortex.o
 .text.HAL_NVIC_SetPriority
                0x0000000008001404       0x2a ./Drivers/STM32L0xx_HAL_Driver/Src/stm32l0xx_hal_cortex.o
                0x0000000008001404                HAL_NVIC_SetPriority
 .text.HAL_NVIC_EnableIRQ
                0x000000000800142e       0x20 ./Drivers/STM32L0xx_HAL_Driver/Src/stm32l0xx_hal_cortex.o
                0x000000000800142e                HAL_NVIC_EnableIRQ
 .text.HAL_SYSTICK_Config
                0x000000000800144e       0x1a ./Drivers/STM32L0xx_HAL_Driver/Src/stm32l0xx_hal_cortex.o
                0x000000000800144e                HAL_SYSTICK_Config
 .text.HAL_TIM_Base_Init
                0x0000000008001468       0x80 ./Drivers/STM32L0xx_HAL_Driver/Src/stm32l0xx_hal_tim.o
                0x0000000008001468                HAL_TIM_Base_Init
 .text.HAL_TIM_Base_Start_IT
                0x00000000080014e8       0x88 ./Drivers/STM32L0xx_HAL_Driver/Src/stm32l0xx_hal_tim.o
                0x00000000080014e8                HAL_TIM_Base_Start_IT
 .text.HAL_TIM_IRQHandler
                0x0000000008001570      0x1d0 ./Drivers/STM32L0xx_HAL_Driver/Src/stm32l0xx_hal_tim.o
                0x0000000008001570                HAL_TIM_IRQHandler
 .text.HAL_TIM_ConfigClockSource
                0x0000000008001740      0x1a8 ./Drivers/STM32L0xx_HAL_Driver/Src/stm32l0xx_hal_tim.o
                0x0000000008001740                HAL_TIM_ConfigClockSource
 .text.HAL_TIM_PeriodElapsedCallback
                0x00000000080018e8       0x10 ./Drivers/STM32L0xx_HAL_Driver/Src/stm32l0xx_hal_tim.o
                0x00000000080018e8                HAL_TIM_PeriodElapsedCallback
 .text.HAL_TIM_OC_DelayElapsedCallback
                0x00000000080018f8       0x10 ./Drivers/STM32L0xx_HAL_Driver/Src/stm32l0xx_hal_tim.o
                0x00000000080018f8                HAL_TIM_OC_DelayElapsedCallback
 .text.HAL_TIM_IC_CaptureCallback
                0x0000000008001908       0x10 ./Drivers/STM32L0xx_HAL_Driver/Src/stm32l0xx_hal_tim.o
                0x0000000008001908                HAL_TIM_IC_CaptureCallback
 .text.HAL_TIM_PWM_PulseFinishedCallback
                0x0000000008001918       0x10 ./Drivers/STM32L0xx_HAL_Driver/Src/stm32l0xx_hal_tim.o
                0x0000000008001918                HAL_TIM_PWM_PulseFinishedCallback
 .text.HAL_TIM_TriggerCallback
                0x0000000008001928       0x10 ./Drivers/STM32L0xx_HAL_Driver/Src/stm32l0xx_hal_tim.o
                0x0000000008001928                HAL_TIM_TriggerCallback
 .text.TIM_Base_SetConfig
                0x0000000008001938       0x94 ./Drivers/STM32L0xx_HAL_Driver/Src/stm32l0xx_hal_tim.o
 .text.TIM_TI1_ConfigInputStage
                0x00000000080019cc       0x5c ./Drivers/STM32L0xx_HAL_Driver/Src/stm32l0xx_hal_tim.o
 .text.TIM_TI2_ConfigInputStage
                0x0000000008001a28       0x64 ./Drivers/STM32L0xx_HAL_Driver/Src/stm32l0xx_hal_tim.o
 .text.TIM_ITRx_SetConfig
                0x0000000008001a8c       0x32 ./Drivers/STM32L0xx_HAL_Driver/Src/stm32l0xx_hal_tim.o
 *fill*         0x0000000008001abe        0x2 
 .text.TIM_ETR_SetConfig
                0x0000000008001ac0       0x40 ./Drivers/STM32L0xx_HAL_Driver/Src/stm32l0xx_hal_tim.o
 .text.HAL_TIMEx_MasterConfigSynchronization
                0x0000000008001b00       0xa0 ./Drivers/STM32L0xx_HAL_Driver/Src/stm32l0xx_hal_tim_ex.o
                0x0000000008001b00                HAL_TIMEx_MasterConfigSynchronization
 .text.LL_ADC_IsEnabled
                0x0000000008001ba0       0x20 ./Drivers/STM32L0xx_HAL_Driver/Src/stm32l0xx_ll_adc.o
 .text.LL_ADC_Init
                0x0000000008001bc0       0x6c ./Drivers/STM32L0xx_HAL_Driver/Src/stm32l0xx_ll_adc.o
                0x0000000008001bc0                LL_ADC_Init
 .text.LL_ADC_REG_Init
                0x0000000008001c2c       0x64 ./Drivers/STM32L0xx_HAL_Driver/Src/stm32l0xx_ll_adc.o
                0x0000000008001c2c                LL_ADC_REG_Init
 .text.LL_GPIO_SetPinMode
                0x0000000008001c90       0x38 ./Drivers/STM32L0xx_HAL_Driver/Src/stm32l0xx_ll_gpio.o
 .text.LL_GPIO_SetPinOutputType
                0x0000000008001cc8       0x2a ./Drivers/STM32L0xx_HAL_Driver/Src/stm32l0xx_ll_gpio.o
 .text.LL_GPIO_SetPinSpeed
                0x0000000008001cf2       0x38 ./Drivers/STM32L0xx_HAL_Driver/Src/stm32l0xx_ll_gpio.o
 .text.LL_GPIO_SetPinPull
                0x0000000008001d2a       0x38 ./Drivers/STM32L0xx_HAL_Driver/Src/stm32l0xx_ll_gpio.o
 .text.LL_GPIO_SetAFPin_0_7
                0x0000000008001d62       0x46 ./Drivers/STM32L0xx_HAL_Driver/Src/stm32l0xx_ll_gpio.o
 .text.LL_GPIO_SetAFPin_8_15
                0x0000000008001da8       0x5a ./Drivers/STM32L0xx_HAL_Driver/Src/stm32l0xx_ll_gpio.o
 .text.LL_GPIO_Init
                0x0000000008001e02       0xbc ./Drivers/STM32L0xx_HAL_Driver/Src/stm32l0xx_ll_gpio.o
                0x0000000008001e02                LL_GPIO_Init
 *fill*         0x0000000008001ebe        0x2 
 .text.LL_RCC_HSI_IsReady
                0x0000000008001ec0       0x20 ./Drivers/STM32L0xx_HAL_Driver/Src/stm32l0xx_ll_rcc.o
 .text.LL_RCC_LSE_IsReady
                0x0000000008001ee0       0x28 ./Drivers/STM32L0xx_HAL_Driver/Src/stm32l0xx_ll_rcc.o
 .text.LL_RCC_MSI_GetRange
                0x0000000008001f08       0x18 ./Drivers/STM32L0xx_HAL_Driver/Src/stm32l0xx_ll_rcc.o
 .text.LL_RCC_GetSysClkSource
                0x0000000008001f20       0x18 ./Drivers/STM32L0xx_HAL_Driver/Src/stm32l0xx_ll_rcc.o
 .text.LL_RCC_GetAHBPrescaler
                0x0000000008001f38       0x18 ./Drivers/STM32L0xx_HAL_Driver/Src/stm32l0xx_ll_rcc.o
 .text.LL_RCC_GetAPB1Prescaler
                0x0000000008001f50       0x18 ./Drivers/STM32L0xx_HAL_Driver/Src/stm32l0xx_ll_rcc.o
 .text.LL_RCC_GetUSARTClockSource
                0x0000000008001f68       0x24 ./Drivers/STM32L0xx_HAL_Driver/Src/stm32l0xx_ll_rcc.o
 .text.LL_RCC_PLL_GetMainSource
                0x0000000008001f8c       0x18 ./Drivers/STM32L0xx_HAL_Driver/Src/stm32l0xx_ll_rcc.o
 .text.LL_RCC_PLL_GetMultiplicator
                0x0000000008001fa4       0x18 ./Drivers/STM32L0xx_HAL_Driver/Src/stm32l0xx_ll_rcc.o
 .text.LL_RCC_PLL_GetDivider
                0x0000000008001fbc       0x18 ./Drivers/STM32L0xx_HAL_Driver/Src/stm32l0xx_ll_rcc.o
 .text.LL_RCC_IsActiveFlag_HSIDIV
                0x0000000008001fd4       0x20 ./Drivers/STM32L0xx_HAL_Driver/Src/stm32l0xx_ll_rcc.o
 .text.LL_RCC_GetUSARTClockFreq
                0x0000000008001ff4       0xb0 ./Drivers/STM32L0xx_HAL_Driver/Src/stm32l0xx_ll_rcc.o
                0x0000000008001ff4                LL_RCC_GetUSARTClockFreq
 .text.RCC_GetSystemClockFreq
                0x00000000080020a4       0x88 ./Drivers/STM32L0xx_HAL_Driver/Src/stm32l0xx_ll_rcc.o
 .text.RCC_GetHCLKClockFreq
                0x000000000800212c       0x2c ./Drivers/STM32L0xx_HAL_Driver/Src/stm32l0xx_ll_rcc.o
 .text.RCC_GetPCLK1ClockFreq
                0x0000000008002158       0x28 ./Drivers/STM32L0xx_HAL_Driver/Src/stm32l0xx_ll_rcc.o
 .text.RCC_PLL_GetFreqDomain_SYS
                0x0000000008002180       0x70 ./Drivers/STM32L0xx_HAL_Driver/Src/stm32l0xx_ll_rcc.o
 .text.LL_SPI_IsEnabled
                0x00000000080021f0       0x22 ./Drivers/STM32L0xx_HAL_Driver/Src/stm32l0xx_ll_spi.o
 .text.LL_SPI_SetCRCPolynomial
                0x0000000008002212       0x1c ./Drivers/STM32L0xx_HAL_Driver/Src/stm32l0xx_ll_spi.o
 *fill*         0x000000000800222e        0x2 
 .text.LL_SPI_Init
                0x0000000008002230       0xac ./Drivers/STM32L0xx_HAL_Driver/Src/stm32l0xx_ll_spi.o
                0x0000000008002230                LL_SPI_Init
 .text.LL_TIM_SetPrescaler
                0x00000000080022dc       0x18 ./Drivers/STM32L0xx_HAL_Driver/Src/stm32l0xx_ll_tim.o
 .text.LL_TIM_SetAutoReload
                0x00000000080022f4       0x18 ./Drivers/STM32L0xx_HAL_Driver/Src/stm32l0xx_ll_tim.o
 .text.LL_TIM_OC_SetCompareCH1
                0x000000000800230c       0x18 ./Drivers/STM32L0xx_HAL_Driver/Src/stm32l0xx_ll_tim.o
 .text.LL_TIM_OC_SetCompareCH2
                0x0000000008002324       0x18 ./Drivers/STM32L0xx_HAL_Driver/Src/stm32l0xx_ll_tim.o
 .text.LL_TIM_OC_SetCompareCH3
                0x000000000800233c       0x18 ./Drivers/STM32L0xx_HAL_Driver/Src/stm32l0xx_ll_tim.o
 .text.LL_TIM_OC_SetCompareCH4
                0x0000000008002354       0x18 ./Drivers/STM32L0xx_HAL_Driver/Src/stm32l0xx_ll_tim.o
 .text.LL_TIM_GenerateEvent_UPDATE
                0x000000000800236c       0x1c ./Drivers/STM32L0xx_HAL_Driver/Src/stm32l0xx_ll_tim.o
 .text.LL_TIM_Init
                0x0000000008002388       0x90 ./Drivers/STM32L0xx_HAL_Driver/Src/stm32l0xx_ll_tim.o
                0x0000000008002388                LL_TIM_Init
 .text.LL_TIM_OC_Init
                0x0000000008002418       0xb2 ./Drivers/STM32L0xx_HAL_Driver/Src/stm32l0xx_ll_tim.o
                0x0000000008002418                LL_TIM_OC_Init
 .text.OC1Config
                0x00000000080024ca       0x8c ./Drivers/STM32L0xx_HAL_Driver/Src/stm32l0xx_ll_tim.o
 *fill*         0x0000000008002556        0x2 
 .text.OC2Config
                0x0000000008002558       0x98 ./Drivers/STM32L0xx_HAL_Driver/Src/stm32l0xx_ll_tim.o
 .text.OC3Config
                0x00000000080025f0       0x94 ./Drivers/STM32L0xx_HAL_Driver/Src/stm32l0xx_ll_tim.o
 .text.OC4Config
                0x0000000008002684       0x9c ./Drivers/STM32L0xx_HAL_Driver/Src/stm32l0xx_ll_tim.o
 .text.LL_USART_IsEnabled
                0x0000000008002720       0x22 ./Drivers/STM32L0xx_HAL_Driver/Src/stm32l0xx_ll_usart.o
 *fill*         0x0000000008002742        0x2 
 .text.LL_USART_SetStopBitsLength
                0x0000000008002744       0x28 ./Drivers/STM32L0xx_HAL_Driver/Src/stm32l0xx_ll_usart.o
 .text.LL_USART_SetHWFlowCtrl
                0x000000000800276c       0x28 ./Drivers/STM32L0xx_HAL_Driver/Src/stm32l0xx_ll_usart.o
 .text.LL_USART_SetBaudRate
                0x0000000008002794       0x78 ./Drivers/STM32L0xx_HAL_Driver/Src/stm32l0xx_ll_usart.o
 .text.LL_USART_Init
                0x000000000800280c       0xb0 ./Drivers/STM32L0xx_HAL_Driver/Src/stm32l0xx_ll_usart.o
                0x000000000800280c                LL_USART_Init
 .text.LL_mDelay
                0x00000000080028bc       0x44 ./Drivers/STM32L0xx_HAL_Driver/Src/stm32l0xx_ll_utils.o
                0x00000000080028bc                LL_mDelay
 .text.LL_SetSystemCoreClock
                0x0000000008002900       0x1c ./Drivers/STM32L0xx_HAL_Driver/Src/stm32l0xx_ll_utils.o
                0x0000000008002900                LL_SetSystemCoreClock
 .text.__libc_init_array
                0x000000000800291c       0x48 /opt/stm32cubeide/plugins/com.st.stm32cube.ide.mcu.externaltools.gnu-tools-for-stm32.9-2020-q2-update.linux64_2.0.0.202105311346/tools/bin/../lib/gcc/arm-none-eabi/9.3.1/../../../../arm-none-eabi/lib/thumb/v6-m/nofp/libc_nano.a(lib_a-init.o)
                0x000000000800291c                __libc_init_array
 .text.memset   0x0000000008002964       0x10 /opt/stm32cubeide/plugins/com.st.stm32cube.ide.mcu.externaltools.gnu-tools-for-stm32.9-2020-q2-update.linux64_2.0.0.202105311346/tools/bin/../lib/gcc/arm-none-eabi/9.3.1/../../../../arm-none-eabi/lib/thumb/v6-m/nofp/libc_nano.a(lib_a-memset.o)
                0x0000000008002964                memset
 *(.glue_7)
 .glue_7        0x0000000008002974        0x0 linker stubs
 *(.glue_7t)
 .glue_7t       0x0000000008002974        0x0 linker stubs
 *(.eh_frame)
 .eh_frame      0x0000000008002974        0x0 /opt/stm32cubeide/plugins/com.st.stm32cube.ide.mcu.externaltools.gnu-tools-for-stm32.9-2020-q2-update.linux64_2.0.0.202105311346/tools/bin/../lib/gcc/arm-none-eabi/9.3.1/thumb/v6-m/nofp/crtbegin.o
 *(.init)
 .init          0x0000000008002974        0x4 /opt/stm32cubeide/plugins/com.st.stm32cube.ide.mcu.externaltools.gnu-tools-for-stm32.9-2020-q2-update.linux64_2.0.0.202105311346/tools/bin/../lib/gcc/arm-none-eabi/9.3.1/thumb/v6-m/nofp/crti.o
                0x0000000008002974                _init
 .init          0x0000000008002978        0x8 /opt/stm32cubeide/plugins/com.st.stm32cube.ide.mcu.externaltools.gnu-tools-for-stm32.9-2020-q2-update.linux64_2.0.0.202105311346/tools/bin/../lib/gcc/arm-none-eabi/9.3.1/thumb/v6-m/nofp/crtn.o
 *(.fini)
 .fini          0x0000000008002980        0x4 /opt/stm32cubeide/plugins/com.st.stm32cube.ide.mcu.externaltools.gnu-tools-for-stm32.9-2020-q2-update.linux64_2.0.0.202105311346/tools/bin/../lib/gcc/arm-none-eabi/9.3.1/thumb/v6-m/nofp/crti.o
                0x0000000008002980                _fini
 .fini          0x0000000008002984        0x8 /opt/stm32cubeide/plugins/com.st.stm32cube.ide.mcu.externaltools.gnu-tools-for-stm32.9-2020-q2-update.linux64_2.0.0.202105311346/tools/bin/../lib/gcc/arm-none-eabi/9.3.1/thumb/v6-m/nofp/crtn.o
                0x000000000800298c                . = ALIGN (0x4)
                0x000000000800298c                _etext = .

.vfp11_veneer   0x000000000800298c        0x0
 .vfp11_veneer  0x000000000800298c        0x0 linker stubs

.v4_bx          0x000000000800298c        0x0
 .v4_bx         0x000000000800298c        0x0 linker stubs

.iplt           0x000000000800298c        0x0
 .iplt          0x000000000800298c        0x0 /opt/stm32cubeide/plugins/com.st.stm32cube.ide.mcu.externaltools.gnu-tools-for-stm32.9-2020-q2-update.linux64_2.0.0.202105311346/tools/bin/../lib/gcc/arm-none-eabi/9.3.1/thumb/v6-m/nofp/crtbegin.o

.rodata         0x000000000800298c       0x34
                0x000000000800298c                . = ALIGN (0x4)
 *(.rodata)
 *(.rodata*)
 .rodata.AHBPrescTable
                0x000000000800298c       0x10 ./Core/Src/system_stm32l0xx.o
                0x000000000800298c                AHBPrescTable
 .rodata.APBPrescTable
                0x000000000800299c        0x8 ./Core/Src/system_stm32l0xx.o
                0x000000000800299c                APBPrescTable
 .rodata.PLLMulTable
                0x00000000080029a4        0x9 ./Core/Src/system_stm32l0xx.o
                0x00000000080029a4                PLLMulTable
 *fill*         0x00000000080029ad        0x3 
 .rodata.OFFSET_TAB_CCMRx
                0x00000000080029b0        0x7 ./Core/Src/tim.o
 *fill*         0x00000000080029b7        0x1 
 .rodata.SHIFT_TAB_OCxx
                0x00000000080029b8        0x7 ./Core/Src/tim.o
                0x00000000080029c0                . = ALIGN (0x4)
 *fill*         0x00000000080029bf        0x1 

.rel.dyn        0x00000000080029c0        0x0
 .rel.iplt      0x00000000080029c0        0x0 /opt/stm32cubeide/plugins/com.st.stm32cube.ide.mcu.externaltools.gnu-tools-for-stm32.9-2020-q2-update.linux64_2.0.0.202105311346/tools/bin/../lib/gcc/arm-none-eabi/9.3.1/thumb/v6-m/nofp/crtbegin.o

.ARM.extab      0x00000000080029c0        0x0
                0x00000000080029c0                . = ALIGN (0x4)
 *(.ARM.extab* .gnu.linkonce.armextab.*)
                0x00000000080029c0                . = ALIGN (0x4)

.ARM            0x00000000080029c0        0x0
                0x00000000080029c0                . = ALIGN (0x4)
                0x00000000080029c0                __exidx_start = .
 *(.ARM.exidx*)
                0x00000000080029c0                __exidx_end = .
                0x00000000080029c0                . = ALIGN (0x4)

.preinit_array  0x00000000080029c0        0x0
                0x00000000080029c0                . = ALIGN (0x4)
                0x00000000080029c0                PROVIDE (__preinit_array_start = .)
 *(.preinit_array*)
                0x00000000080029c0                PROVIDE (__preinit_array_end = .)
                0x00000000080029c0                . = ALIGN (0x4)

.init_array     0x00000000080029c0        0x4
                0x00000000080029c0                . = ALIGN (0x4)
                0x00000000080029c0                PROVIDE (__init_array_start = .)
 *(SORT_BY_NAME(.init_array.*))
 *(.init_array*)
 .init_array    0x00000000080029c0        0x4 /opt/stm32cubeide/plugins/com.st.stm32cube.ide.mcu.externaltools.gnu-tools-for-stm32.9-2020-q2-update.linux64_2.0.0.202105311346/tools/bin/../lib/gcc/arm-none-eabi/9.3.1/thumb/v6-m/nofp/crtbegin.o
                0x00000000080029c4                PROVIDE (__init_array_end = .)
                0x00000000080029c4                . = ALIGN (0x4)

.fini_array     0x00000000080029c4        0x4
                0x00000000080029c4                . = ALIGN (0x4)
                [!provide]                        PROVIDE (__fini_array_start = .)
 *(SORT_BY_NAME(.fini_array.*))
 *(.fini_array*)
 .fini_array    0x00000000080029c4        0x4 /opt/stm32cubeide/plugins/com.st.stm32cube.ide.mcu.externaltools.gnu-tools-for-stm32.9-2020-q2-update.linux64_2.0.0.202105311346/tools/bin/../lib/gcc/arm-none-eabi/9.3.1/thumb/v6-m/nofp/crtbegin.o
                [!provide]                        PROVIDE (__fini_array_end = .)
                0x00000000080029c8                . = ALIGN (0x4)
                0x00000000080029c8                _sidata = LOADADDR (.data)

.data           0x0000000020000000       0x18 load address 0x00000000080029c8
                0x0000000020000000                . = ALIGN (0x4)
                0x0000000020000000                _sdata = .
 *(.data)
 *(.data*)
 .data.MyLed    0x0000000020000000        0xc ./Core/Src/main.o
                0x0000000020000000                MyLed
 .data.SystemCoreClock
                0x000000002000000c        0x4 ./Core/Src/system_stm32l0xx.o
                0x000000002000000c                SystemCoreClock
 .data.uwTickPrio
                0x0000000020000010        0x4 ./Drivers/STM32L0xx_HAL_Driver/Src/stm32l0xx_hal.o
                0x0000000020000010                uwTickPrio
 .data.uwTickFreq
                0x0000000020000014        0x1 ./Drivers/STM32L0xx_HAL_Driver/Src/stm32l0xx_hal.o
                0x0000000020000014                uwTickFreq
 *(.RamFunc)
 *(.RamFunc*)
                0x0000000020000018                . = ALIGN (0x4)
 *fill*         0x0000000020000015        0x3 
                0x0000000020000018                _edata = .

.igot.plt       0x0000000020000018        0x0 load address 0x00000000080029e0
 .igot.plt      0x0000000020000018        0x0 /opt/stm32cubeide/plugins/com.st.stm32cube.ide.mcu.externaltools.gnu-tools-for-stm32.9-2020-q2-update.linux64_2.0.0.202105311346/tools/bin/../lib/gcc/arm-none-eabi/9.3.1/thumb/v6-m/nofp/crtbegin.o
                0x0000000020000018                . = ALIGN (0x4)

.bss            0x0000000020000018       0x60 load address 0x00000000080029e0
                0x0000000020000018                _sbss = .
                0x0000000020000018                __bss_start__ = _sbss
 *(.bss)
 .bss           0x0000000020000018       0x1c /opt/stm32cubeide/plugins/com.st.stm32cube.ide.mcu.externaltools.gnu-tools-for-stm32.9-2020-q2-update.linux64_2.0.0.202105311346/tools/bin/../lib/gcc/arm-none-eabi/9.3.1/thumb/v6-m/nofp/crtbegin.o
 *(.bss*)
 *(COMMON)
 COMMON         0x0000000020000034       0x40 ./Core/Src/tim.o
                0x0000000020000034                htim21
 COMMON         0x0000000020000074        0x4 ./Drivers/STM32L0xx_HAL_Driver/Src/stm32l0xx_hal.o
                0x0000000020000074                uwTick
                0x0000000020000078                . = ALIGN (0x4)
                0x0000000020000078                _ebss = .
                0x0000000020000078                __bss_end__ = _ebss

._user_heap_stack
                0x0000000020000078      0x600 load address 0x00000000080029e0
                0x0000000020000078                . = ALIGN (0x8)
                [!provide]                        PROVIDE (end = .)
                0x0000000020000078                PROVIDE (_end = .)
                0x0000000020000278                . = (. + _Min_Heap_Size)
 *fill*         0x0000000020000078      0x200 
                0x0000000020000678                . = (. + _Min_Stack_Size)
 *fill*         0x0000000020000278      0x400 
                0x0000000020000678                . = ALIGN (0x8)

/DISCARD/
 libc.a(*)
 libm.a(*)
 libgcc.a(*)

.ARM.attributes
                0x0000000000000000       0x28
 *(.ARM.attributes)
 .ARM.attributes
                0x0000000000000000       0x1e /opt/stm32cubeide/plugins/com.st.stm32cube.ide.mcu.externaltools.gnu-tools-for-stm32.9-2020-q2-update.linux64_2.0.0.202105311346/tools/bin/../lib/gcc/arm-none-eabi/9.3.1/thumb/v6-m/nofp/crti.o
 .ARM.attributes
                0x000000000000001e       0x2c /opt/stm32cubeide/plugins/com.st.stm32cube.ide.mcu.externaltools.gnu-tools-for-stm32.9-2020-q2-update.linux64_2.0.0.202105311346/tools/bin/../lib/gcc/arm-none-eabi/9.3.1/thumb/v6-m/nofp/crtbegin.o
 .ARM.attributes
                0x000000000000004a       0x2c ./Core/Src/Led.o
 .ARM.attributes
                0x0000000000000076       0x2c ./Core/Src/adc.o
 .ARM.attributes
                0x00000000000000a2       0x2c ./Core/Src/gpio.o
 .ARM.attributes
                0x00000000000000ce       0x2c ./Core/Src/main.o
 .ARM.attributes
                0x00000000000000fa       0x2c ./Core/Src/spi.o
 .ARM.attributes
                0x0000000000000126       0x2c ./Core/Src/stm32l0xx_hal_msp.o
 .ARM.attributes
                0x0000000000000152       0x2c ./Core/Src/stm32l0xx_it.o
 .ARM.attributes
                0x000000000000017e       0x2c ./Core/Src/system_stm32l0xx.o
 .ARM.attributes
                0x00000000000001aa       0x2c ./Core/Src/tim.o
 .ARM.attributes
                0x00000000000001d6       0x2c ./Core/Src/usart.o
 .ARM.attributes
                0x0000000000000202       0x22 ./Core/Startup/startup_stm32l021k4tx.o
 .ARM.attributes
                0x0000000000000224       0x2c ./Drivers/STM32L0xx_HAL_Driver/Src/stm32l0xx_hal.o
 .ARM.attributes
                0x0000000000000250       0x2c ./Drivers/STM32L0xx_HAL_Driver/Src/stm32l0xx_hal_cortex.o
 .ARM.attributes
                0x000000000000027c       0x2c ./Drivers/STM32L0xx_HAL_Driver/Src/stm32l0xx_hal_tim.o
 .ARM.attributes
                0x00000000000002a8       0x2c ./Drivers/STM32L0xx_HAL_Driver/Src/stm32l0xx_hal_tim_ex.o
 .ARM.attributes
                0x00000000000002d4       0x2c ./Drivers/STM32L0xx_HAL_Driver/Src/stm32l0xx_ll_adc.o
 .ARM.attributes
                0x0000000000000300       0x2c ./Drivers/STM32L0xx_HAL_Driver/Src/stm32l0xx_ll_gpio.o
 .ARM.attributes
                0x000000000000032c       0x2c ./Drivers/STM32L0xx_HAL_Driver/Src/stm32l0xx_ll_rcc.o
 .ARM.attributes
                0x0000000000000358       0x2c ./Drivers/STM32L0xx_HAL_Driver/Src/stm32l0xx_ll_spi.o
 .ARM.attributes
                0x0000000000000384       0x2c ./Drivers/STM32L0xx_HAL_Driver/Src/stm32l0xx_ll_tim.o
 .ARM.attributes
                0x00000000000003b0       0x2c ./Drivers/STM32L0xx_HAL_Driver/Src/stm32l0xx_ll_usart.o
 .ARM.attributes
                0x00000000000003dc       0x2c ./Drivers/STM32L0xx_HAL_Driver/Src/stm32l0xx_ll_utils.o
 .ARM.attributes
                0x0000000000000408       0x2c /opt/stm32cubeide/plugins/com.st.stm32cube.ide.mcu.externaltools.gnu-tools-for-stm32.9-2020-q2-update.linux64_2.0.0.202105311346/tools/bin/../lib/gcc/arm-none-eabi/9.3.1/../../../../arm-none-eabi/lib/thumb/v6-m/nofp/libc_nano.a(lib_a-init.o)
 .ARM.attributes
                0x0000000000000434       0x2c /opt/stm32cubeide/plugins/com.st.stm32cube.ide.mcu.externaltools.gnu-tools-for-stm32.9-2020-q2-update.linux64_2.0.0.202105311346/tools/bin/../lib/gcc/arm-none-eabi/9.3.1/../../../../arm-none-eabi/lib/thumb/v6-m/nofp/libc_nano.a(lib_a-memset.o)
 .ARM.attributes
                0x0000000000000460       0x1e /opt/stm32cubeide/plugins/com.st.stm32cube.ide.mcu.externaltools.gnu-tools-for-stm32.9-2020-q2-update.linux64_2.0.0.202105311346/tools/bin/../lib/gcc/arm-none-eabi/9.3.1/thumb/v6-m/nofp/libgcc.a(_udivsi3.o)
 .ARM.attributes
                0x000000000000047e       0x1e /opt/stm32cubeide/plugins/com.st.stm32cube.ide.mcu.externaltools.gnu-tools-for-stm32.9-2020-q2-update.linux64_2.0.0.202105311346/tools/bin/../lib/gcc/arm-none-eabi/9.3.1/thumb/v6-m/nofp/libgcc.a(_dvmd_tls.o)
 .ARM.attributes
                0x000000000000049c       0x1e /opt/stm32cubeide/plugins/com.st.stm32cube.ide.mcu.externaltools.gnu-tools-for-stm32.9-2020-q2-update.linux64_2.0.0.202105311346/tools/bin/../lib/gcc/arm-none-eabi/9.3.1/thumb/v6-m/nofp/crtn.o
OUTPUT(Tp_MicroP.elf elf32-littlearm)
LOAD linker stubs
LOAD /opt/stm32cubeide/plugins/com.st.stm32cube.ide.mcu.externaltools.gnu-tools-for-stm32.9-2020-q2-update.linux64_2.0.0.202105311346/tools/bin/../lib/gcc/arm-none-eabi/9.3.1/../../../../arm-none-eabi/lib/thumb/v6-m/nofp/libc.a
LOAD /opt/stm32cubeide/plugins/com.st.stm32cube.ide.mcu.externaltools.gnu-tools-for-stm32.9-2020-q2-update.linux64_2.0.0.202105311346/tools/bin/../lib/gcc/arm-none-eabi/9.3.1/../../../../arm-none-eabi/lib/thumb/v6-m/nofp/libm.a
LOAD /opt/stm32cubeide/plugins/com.st.stm32cube.ide.mcu.externaltools.gnu-tools-for-stm32.9-2020-q2-update.linux64_2.0.0.202105311346/tools/bin/../lib/gcc/arm-none-eabi/9.3.1/thumb/v6-m/nofp/libgcc.a

.debug_info     0x0000000000000000     0xd64e
 .debug_info    0x0000000000000000      0xd2b ./Core/Src/Led.o
 .debug_info    0x0000000000000d2b      0x87f ./Core/Src/adc.o
 .debug_info    0x00000000000015aa      0x4f0 ./Core/Src/gpio.o
 .debug_info    0x0000000000001a9a     0x14ff ./Core/Src/main.o
 .debug_info    0x0000000000002f99      0x648 ./Core/Src/spi.o
 .debug_info    0x00000000000035e1      0x34d ./Core/Src/stm32l0xx_hal_msp.o
 .debug_info    0x000000000000392e      0x7d2 ./Core/Src/stm32l0xx_it.o
 .debug_info    0x0000000000004100      0x363 ./Core/Src/system_stm32l0xx.o
 .debug_info    0x0000000000004463      0xe68 ./Core/Src/tim.o
 .debug_info    0x00000000000052cb      0x673 ./Core/Src/usart.o
 .debug_info    0x000000000000593e       0x22 ./Core/Startup/startup_stm32l021k4tx.o
 .debug_info    0x0000000000005960      0x8ab ./Drivers/STM32L0xx_HAL_Driver/Src/stm32l0xx_hal.o
 .debug_info    0x000000000000620b      0x7b9 ./Drivers/STM32L0xx_HAL_Driver/Src/stm32l0xx_hal_cortex.o
 .debug_info    0x00000000000069c4     0x2a96 ./Drivers/STM32L0xx_HAL_Driver/Src/stm32l0xx_hal_tim.o
 .debug_info    0x000000000000945a      0x7d8 ./Drivers/STM32L0xx_HAL_Driver/Src/stm32l0xx_hal_tim_ex.o
 .debug_info    0x0000000000009c32      0x870 ./Drivers/STM32L0xx_HAL_Driver/Src/stm32l0xx_ll_adc.o
 .debug_info    0x000000000000a4a2      0x6b9 ./Drivers/STM32L0xx_HAL_Driver/Src/stm32l0xx_ll_gpio.o
 .debug_info    0x000000000000ab5b      0x7fa ./Drivers/STM32L0xx_HAL_Driver/Src/stm32l0xx_ll_rcc.o
 .debug_info    0x000000000000b355      0x569 ./Drivers/STM32L0xx_HAL_Driver/Src/stm32l0xx_ll_spi.o
 .debug_info    0x000000000000b8be      0xd3d ./Drivers/STM32L0xx_HAL_Driver/Src/stm32l0xx_ll_tim.o
 .debug_info    0x000000000000c5fb      0x729 ./Drivers/STM32L0xx_HAL_Driver/Src/stm32l0xx_ll_usart.o
 .debug_info    0x000000000000cd24      0x92a ./Drivers/STM32L0xx_HAL_Driver/Src/stm32l0xx_ll_utils.o

.debug_abbrev   0x0000000000000000     0x286c
 .debug_abbrev  0x0000000000000000      0x22d ./Core/Src/Led.o
 .debug_abbrev  0x000000000000022d      0x181 ./Core/Src/adc.o
 .debug_abbrev  0x00000000000003ae      0x199 ./Core/Src/gpio.o
 .debug_abbrev  0x0000000000000547      0x2b4 ./Core/Src/main.o
 .debug_abbrev  0x00000000000007fb      0x199 ./Core/Src/spi.o
 .debug_abbrev  0x0000000000000994      0x109 ./Core/Src/stm32l0xx_hal_msp.o
 .debug_abbrev  0x0000000000000a9d      0x198 ./Core/Src/stm32l0xx_it.o
 .debug_abbrev  0x0000000000000c35      0x145 ./Core/Src/system_stm32l0xx.o
 .debug_abbrev  0x0000000000000d7a      0x1fd ./Core/Src/tim.o
 .debug_abbrev  0x0000000000000f77      0x199 ./Core/Src/usart.o
 .debug_abbrev  0x0000000000001110       0x12 ./Core/Startup/startup_stm32l021k4tx.o
 .debug_abbrev  0x0000000000001122      0x267 ./Drivers/STM32L0xx_HAL_Driver/Src/stm32l0xx_hal.o
 .debug_abbrev  0x0000000000001389      0x28b ./Drivers/STM32L0xx_HAL_Driver/Src/stm32l0xx_hal_cortex.o
 .debug_abbrev  0x0000000000001614      0x26f ./Drivers/STM32L0xx_HAL_Driver/Src/stm32l0xx_hal_tim.o
 .debug_abbrev  0x0000000000001883      0x1c2 ./Drivers/STM32L0xx_HAL_Driver/Src/stm32l0xx_hal_tim_ex.o
 .debug_abbrev  0x0000000000001a45      0x202 ./Drivers/STM32L0xx_HAL_Driver/Src/stm32l0xx_ll_adc.o
 .debug_abbrev  0x0000000000001c47      0x1c8 ./Drivers/STM32L0xx_HAL_Driver/Src/stm32l0xx_ll_gpio.o
 .debug_abbrev  0x0000000000001e0f      0x227 ./Drivers/STM32L0xx_HAL_Driver/Src/stm32l0xx_ll_rcc.o
 .debug_abbrev  0x0000000000002036      0x1b9 ./Drivers/STM32L0xx_HAL_Driver/Src/stm32l0xx_ll_spi.o
 .debug_abbrev  0x00000000000021ef      0x229 ./Drivers/STM32L0xx_HAL_Driver/Src/stm32l0xx_ll_tim.o
 .debug_abbrev  0x0000000000002418      0x1f1 ./Drivers/STM32L0xx_HAL_Driver/Src/stm32l0xx_ll_usart.o
 .debug_abbrev  0x0000000000002609      0x263 ./Drivers/STM32L0xx_HAL_Driver/Src/stm32l0xx_ll_utils.o

.debug_aranges  0x0000000000000000      0xe00
 .debug_aranges
                0x0000000000000000       0x48 ./Core/Src/Led.o
 .debug_aranges
                0x0000000000000048       0x70 ./Core/Src/adc.o
 .debug_aranges
                0x00000000000000b8       0x30 ./Core/Src/gpio.o
 .debug_aranges
                0x00000000000000e8       0xa8 ./Core/Src/main.o
 .debug_aranges
                0x0000000000000190       0x38 ./Core/Src/spi.o
 .debug_aranges
                0x00000000000001c8       0x20 ./Core/Src/stm32l0xx_hal_msp.o
 .debug_aranges
                0x00000000000001e8       0x48 ./Core/Src/stm32l0xx_it.o
 .debug_aranges
                0x0000000000000230       0x28 ./Core/Src/system_stm32l0xx.o
 .debug_aranges
                0x0000000000000258       0x78 ./Core/Src/tim.o
 .debug_aranges
                0x00000000000002d0       0x40 ./Core/Src/usart.o
 .debug_aranges
                0x0000000000000310       0x28 ./Core/Startup/startup_stm32l021k4tx.o
 .debug_aranges
                0x0000000000000338      0x110 ./Drivers/STM32L0xx_HAL_Driver/Src/stm32l0xx_hal.o
 .debug_aranges
                0x0000000000000448       0xc0 ./Drivers/STM32L0xx_HAL_Driver/Src/stm32l0xx_hal_cortex.o
 .debug_aranges
                0x0000000000000508      0x3d0 ./Drivers/STM32L0xx_HAL_Driver/Src/stm32l0xx_hal_tim.o
 .debug_aranges
                0x00000000000008d8       0x28 ./Drivers/STM32L0xx_HAL_Driver/Src/stm32l0xx_hal_tim_ex.o
 .debug_aranges
                0x0000000000000900       0xa8 ./Drivers/STM32L0xx_HAL_Driver/Src/stm32l0xx_ll_adc.o
 .debug_aranges
                0x00000000000009a8       0x70 ./Drivers/STM32L0xx_HAL_Driver/Src/stm32l0xx_ll_gpio.o
 .debug_aranges
                0x0000000000000a18      0x130 ./Drivers/STM32L0xx_HAL_Driver/Src/stm32l0xx_ll_rcc.o
 .debug_aranges
                0x0000000000000b48       0x50 ./Drivers/STM32L0xx_HAL_Driver/Src/stm32l0xx_ll_spi.o
 .debug_aranges
                0x0000000000000b98      0x100 ./Drivers/STM32L0xx_HAL_Driver/Src/stm32l0xx_ll_tim.o
 .debug_aranges
                0x0000000000000c98       0x78 ./Drivers/STM32L0xx_HAL_Driver/Src/stm32l0xx_ll_usart.o
 .debug_aranges
                0x0000000000000d10       0xf0 ./Drivers/STM32L0xx_HAL_Driver/Src/stm32l0xx_ll_utils.o

.debug_ranges   0x0000000000000000      0xca8
 .debug_ranges  0x0000000000000000       0x38 ./Core/Src/Led.o
 .debug_ranges  0x0000000000000038       0x60 ./Core/Src/adc.o
 .debug_ranges  0x0000000000000098       0x20 ./Core/Src/gpio.o
 .debug_ranges  0x00000000000000b8       0x98 ./Core/Src/main.o
 .debug_ranges  0x0000000000000150       0x28 ./Core/Src/spi.o
 .debug_ranges  0x0000000000000178       0x10 ./Core/Src/stm32l0xx_hal_msp.o
 .debug_ranges  0x0000000000000188       0x38 ./Core/Src/stm32l0xx_it.o
 .debug_ranges  0x00000000000001c0       0x18 ./Core/Src/system_stm32l0xx.o
 .debug_ranges  0x00000000000001d8       0x68 ./Core/Src/tim.o
 .debug_ranges  0x0000000000000240       0x30 ./Core/Src/usart.o
 .debug_ranges  0x0000000000000270       0x20 ./Core/Startup/startup_stm32l021k4tx.o
 .debug_ranges  0x0000000000000290      0x100 ./Drivers/STM32L0xx_HAL_Driver/Src/stm32l0xx_hal.o
 .debug_ranges  0x0000000000000390       0xb0 ./Drivers/STM32L0xx_HAL_Driver/Src/stm32l0xx_hal_cortex.o
 .debug_ranges  0x0000000000000440      0x3c0 ./Drivers/STM32L0xx_HAL_Driver/Src/stm32l0xx_hal_tim.o
 .debug_ranges  0x0000000000000800       0x18 ./Drivers/STM32L0xx_HAL_Driver/Src/stm32l0xx_hal_tim_ex.o
 .debug_ranges  0x0000000000000818       0x98 ./Drivers/STM32L0xx_HAL_Driver/Src/stm32l0xx_ll_adc.o
 .debug_ranges  0x00000000000008b0       0x60 ./Drivers/STM32L0xx_HAL_Driver/Src/stm32l0xx_ll_gpio.o
 .debug_ranges  0x0000000000000910      0x120 ./Drivers/STM32L0xx_HAL_Driver/Src/stm32l0xx_ll_rcc.o
 .debug_ranges  0x0000000000000a30       0x40 ./Drivers/STM32L0xx_HAL_Driver/Src/stm32l0xx_ll_spi.o
 .debug_ranges  0x0000000000000a70       0xf0 ./Drivers/STM32L0xx_HAL_Driver/Src/stm32l0xx_ll_tim.o
 .debug_ranges  0x0000000000000b60       0x68 ./Drivers/STM32L0xx_HAL_Driver/Src/stm32l0xx_ll_usart.o
 .debug_ranges  0x0000000000000bc8       0xe0 ./Drivers/STM32L0xx_HAL_Driver/Src/stm32l0xx_ll_utils.o

.debug_macro    0x0000000000000000    0x16020
 .debug_macro   0x0000000000000000      0x31c ./Core/Src/Led.o
 .debug_macro   0x000000000000031c      0xa84 ./Core/Src/Led.o
 .debug_macro   0x0000000000000da0       0x22 ./Core/Src/Led.o
 .debug_macro   0x0000000000000dc2       0x4c ./Core/Src/Led.o
 .debug_macro   0x0000000000000e0e       0x18 ./Core/Src/Led.o
 .debug_macro   0x0000000000000e26       0x94 ./Core/Src/Led.o
 .debug_macro   0x0000000000000eba       0x3c ./Core/Src/Led.o
 .debug_macro   0x0000000000000ef6       0x34 ./Core/Src/Led.o
 .debug_macro   0x0000000000000f2a       0x16 ./Core/Src/Led.o
 .debug_macro   0x0000000000000f40       0x57 ./Core/Src/Led.o
 .debug_macro   0x0000000000000f97       0x97 ./Core/Src/Led.o
 .debug_macro   0x000000000000102e      0x339 ./Core/Src/Led.o
 .debug_macro   0x0000000000001367       0xfd ./Core/Src/Led.o
 .debug_macro   0x0000000000001464       0x10 ./Core/Src/Led.o
 .debug_macro   0x0000000000001474       0x16 ./Core/Src/Led.o
 .debug_macro   0x000000000000148a       0x43 ./Core/Src/Led.o
 .debug_macro   0x00000000000014cd       0x34 ./Core/Src/Led.o
 .debug_macro   0x0000000000001501       0x10 ./Core/Src/Led.o
 .debug_macro   0x0000000000001511       0x58 ./Core/Src/Led.o
 .debug_macro   0x0000000000001569       0x71 ./Core/Src/Led.o
 .debug_macro   0x00000000000015da       0x1c ./Core/Src/Led.o
 .debug_macro   0x00000000000015f6      0x12a ./Core/Src/Led.o
 .debug_macro   0x0000000000001720       0x10 ./Core/Src/Led.o
 .debug_macro   0x0000000000001730       0x6a ./Core/Src/Led.o
 .debug_macro   0x000000000000179a       0x1c ./Core/Src/Led.o
 .debug_macro   0x00000000000017b6       0x52 ./Core/Src/Led.o
 .debug_macro   0x0000000000001808       0x22 ./Core/Src/Led.o
 .debug_macro   0x000000000000182a       0x10 ./Core/Src/Led.o
 .debug_macro   0x000000000000183a       0x40 ./Core/Src/Led.o
 .debug_macro   0x000000000000187a       0xd5 ./Core/Src/Led.o
 .debug_macro   0x000000000000194f       0x1c ./Core/Src/Led.o
 .debug_macro   0x000000000000196b       0x3d ./Core/Src/Led.o
 .debug_macro   0x00000000000019a8       0x16 ./Core/Src/Led.o
 .debug_macro   0x00000000000019be      0x145 ./Core/Src/Led.o
 .debug_macro   0x0000000000001b03       0x2e ./Core/Src/Led.o
 .debug_macro   0x0000000000001b31       0x28 ./Core/Src/Led.o
 .debug_macro   0x0000000000001b59      0x103 ./Core/Src/Led.o
 .debug_macro   0x0000000000001c5c      0x1df ./Core/Src/Led.o
 .debug_macro   0x0000000000001e3b       0x1c ./Core/Src/Led.o
 .debug_macro   0x0000000000001e57       0x22 ./Core/Src/Led.o
 .debug_macro   0x0000000000001e79       0xaf ./Core/Src/Led.o
 .debug_macro   0x0000000000001f28      0x3ad ./Core/Src/Led.o
 .debug_macro   0x00000000000022d5     0x7e04 ./Core/Src/Led.o
 .debug_macro   0x000000000000a0d9       0x66 ./Core/Src/Led.o
 .debug_macro   0x000000000000a13f      0x11f ./Core/Src/Led.o
 .debug_macro   0x000000000000a25e     0x355c ./Core/Src/Led.o
 .debug_macro   0x000000000000d7ba       0x55 ./Core/Src/Led.o
 .debug_macro   0x000000000000d80f      0x899 ./Core/Src/Led.o
 .debug_macro   0x000000000000e0a8      0x458 ./Core/Src/Led.o
 .debug_macro   0x000000000000e500      0x182 ./Core/Src/Led.o
 .debug_macro   0x000000000000e682      0x13f ./Core/Src/Led.o
 .debug_macro   0x000000000000e7c1       0xf1 ./Core/Src/Led.o
 .debug_macro   0x000000000000e8b2       0x82 ./Core/Src/Led.o
 .debug_macro   0x000000000000e934      0x295 ./Core/Src/Led.o
 .debug_macro   0x000000000000ebc9       0x28 ./Core/Src/Led.o
 .debug_macro   0x000000000000ebf1      0x129 ./Core/Src/Led.o
 .debug_macro   0x000000000000ed1a      0x244 ./Core/Src/Led.o
 .debug_macro   0x000000000000ef5e      0x22c ./Core/Src/Led.o
 .debug_macro   0x000000000000f18a       0x5b ./Core/Src/Led.o
 .debug_macro   0x000000000000f1e5       0xa5 ./Core/Src/Led.o
 .debug_macro   0x000000000000f28a      0x187 ./Core/Src/Led.o
 .debug_macro   0x000000000000f411       0x16 ./Core/Src/Led.o
 .debug_macro   0x000000000000f427      0x773 ./Core/Src/Led.o
 .debug_macro   0x000000000000fb9a       0x9c ./Core/Src/Led.o
 .debug_macro   0x000000000000fc36      0x11c ./Core/Src/Led.o
 .debug_macro   0x000000000000fd52      0x53f ./Core/Src/Led.o
 .debug_macro   0x0000000000010291      0x248 ./Core/Src/adc.o
 .debug_macro   0x00000000000104d9       0x8e ./Core/Src/adc.o
 .debug_macro   0x0000000000010567       0x51 ./Core/Src/adc.o
 .debug_macro   0x00000000000105b8       0xb5 ./Core/Src/adc.o
 .debug_macro   0x000000000001066d      0x174 ./Core/Src/adc.o
 .debug_macro   0x00000000000107e1       0x5b ./Core/Src/adc.o
 .debug_macro   0x000000000001083c      0x6c5 ./Core/Src/adc.o
 .debug_macro   0x0000000000010f01      0x3b4 ./Core/Src/adc.o
 .debug_macro   0x00000000000112b5       0xad ./Core/Src/adc.o
 .debug_macro   0x0000000000011362      0x13d ./Core/Src/adc.o
 .debug_macro   0x000000000001149f      0x109 ./Core/Src/adc.o
 .debug_macro   0x00000000000115a8       0x16 ./Core/Src/adc.o
 .debug_macro   0x00000000000115be       0x2a ./Core/Src/adc.o
 .debug_macro   0x00000000000115e8       0xdb ./Core/Src/adc.o
 .debug_macro   0x00000000000116c3      0x285 ./Core/Src/adc.o
 .debug_macro   0x0000000000011948      0x124 ./Core/Src/adc.o
 .debug_macro   0x0000000000011a6c      0x545 ./Core/Src/adc.o
 .debug_macro   0x0000000000011fb1      0x30c ./Core/Src/adc.o
 .debug_macro   0x00000000000122bd      0x12d ./Core/Src/adc.o
 .debug_macro   0x00000000000123ea       0x1c ./Core/Src/adc.o
 .debug_macro   0x0000000000012406      0x248 ./Core/Src/gpio.o
 .debug_macro   0x000000000001264e      0x3d7 ./Core/Src/main.o
 .debug_macro   0x0000000000012a25       0x52 ./Core/Src/main.o
 .debug_macro   0x0000000000012a77       0x35 ./Core/Src/main.o
 .debug_macro   0x0000000000012aac      0x333 ./Core/Src/main.o
 .debug_macro   0x0000000000012ddf      0x248 ./Core/Src/spi.o
 .debug_macro   0x0000000000013027      0x23e ./Core/Src/stm32l0xx_hal_msp.o
 .debug_macro   0x0000000000013265      0x248 ./Core/Src/stm32l0xx_it.o
 .debug_macro   0x00000000000134ad      0x1b0 ./Core/Src/system_stm32l0xx.o
 .debug_macro   0x000000000001365d      0x248 ./Core/Src/tim.o
 .debug_macro   0x00000000000138a5      0x248 ./Core/Src/usart.o
 .debug_macro   0x0000000000013aed      0x1d4 ./Drivers/STM32L0xx_HAL_Driver/Src/stm32l0xx_hal.o
 .debug_macro   0x0000000000013cc1      0x1b0 ./Drivers/STM32L0xx_HAL_Driver/Src/stm32l0xx_hal_cortex.o
 .debug_macro   0x0000000000013e71      0x1b1 ./Drivers/STM32L0xx_HAL_Driver/Src/stm32l0xx_hal_tim.o
 .debug_macro   0x0000000000014022      0x1b0 ./Drivers/STM32L0xx_HAL_Driver/Src/stm32l0xx_hal_tim_ex.o
 .debug_macro   0x00000000000141d2      0x227 ./Drivers/STM32L0xx_HAL_Driver/Src/stm32l0xx_ll_adc.o
 .debug_macro   0x00000000000143f9      0x6bf ./Drivers/STM32L0xx_HAL_Driver/Src/stm32l0xx_ll_adc.o
 .debug_macro   0x0000000000014ab8      0x1f2 ./Drivers/STM32L0xx_HAL_Driver/Src/stm32l0xx_ll_gpio.o
 .debug_macro   0x0000000000014caa      0x127 ./Drivers/STM32L0xx_HAL_Driver/Src/stm32l0xx_ll_gpio.o
 .debug_macro   0x0000000000014dd1      0x1dd ./Drivers/STM32L0xx_HAL_Driver/Src/stm32l0xx_ll_rcc.o
 .debug_macro   0x0000000000014fae      0x3ae ./Drivers/STM32L0xx_HAL_Driver/Src/stm32l0xx_ll_rcc.o
 .debug_macro   0x000000000001535c      0x219 ./Drivers/STM32L0xx_HAL_Driver/Src/stm32l0xx_ll_spi.o
 .debug_macro   0x0000000000015575      0x11e ./Drivers/STM32L0xx_HAL_Driver/Src/stm32l0xx_ll_spi.o
 .debug_macro   0x0000000000015693      0x210 ./Drivers/STM32L0xx_HAL_Driver/Src/stm32l0xx_ll_tim.o
 .debug_macro   0x00000000000158a3      0x21f ./Drivers/STM32L0xx_HAL_Driver/Src/stm32l0xx_ll_usart.o
 .debug_macro   0x0000000000015ac2      0x306 ./Drivers/STM32L0xx_HAL_Driver/Src/stm32l0xx_ll_usart.o
 .debug_macro   0x0000000000015dc8      0x258 ./Drivers/STM32L0xx_HAL_Driver/Src/stm32l0xx_ll_utils.o

.debug_line     0x0000000000000000     0xe4d5
 .debug_line    0x0000000000000000      0x8ec ./Core/Src/Led.o
 .debug_line    0x00000000000008ec      0x903 ./Core/Src/adc.o
 .debug_line    0x00000000000011ef      0x814 ./Core/Src/gpio.o
 .debug_line    0x0000000000001a03      0xc03 ./Core/Src/main.o
 .debug_line    0x0000000000002606      0x870 ./Core/Src/spi.o
 .debug_line    0x0000000000002e76      0x7b3 ./Core/Src/stm32l0xx_hal_msp.o
 .debug_line    0x0000000000003629      0x82f ./Core/Src/stm32l0xx_it.o
 .debug_line    0x0000000000003e58      0x723 ./Core/Src/system_stm32l0xx.o
 .debug_line    0x000000000000457b      0xa07 ./Core/Src/tim.o
 .debug_line    0x0000000000004f82      0x874 ./Core/Src/usart.o
 .debug_line    0x00000000000057f6       0x9b ./Core/Startup/startup_stm32l021k4tx.o
 .debug_line    0x0000000000005891      0x9c6 ./Drivers/STM32L0xx_HAL_Driver/Src/stm32l0xx_hal.o
 .debug_line    0x0000000000006257      0x99d ./Drivers/STM32L0xx_HAL_Driver/Src/stm32l0xx_hal_cortex.o
 .debug_line    0x0000000000006bf4     0x2e03 ./Drivers/STM32L0xx_HAL_Driver/Src/stm32l0xx_hal_tim.o
 .debug_line    0x00000000000099f7      0x739 ./Drivers/STM32L0xx_HAL_Driver/Src/stm32l0xx_hal_tim_ex.o
 .debug_line    0x000000000000a130      0x90e ./Drivers/STM32L0xx_HAL_Driver/Src/stm32l0xx_ll_adc.o
 .debug_line    0x000000000000aa3e      0x81f ./Drivers/STM32L0xx_HAL_Driver/Src/stm32l0xx_ll_gpio.o
 .debug_line    0x000000000000b25d      0xc3f ./Drivers/STM32L0xx_HAL_Driver/Src/stm32l0xx_ll_rcc.o
 .debug_line    0x000000000000be9c      0x7a6 ./Drivers/STM32L0xx_HAL_Driver/Src/stm32l0xx_ll_spi.o
 .debug_line    0x000000000000c642      0xaf7 ./Drivers/STM32L0xx_HAL_Driver/Src/stm32l0xx_ll_tim.o
 .debug_line    0x000000000000d139      0x87a ./Drivers/STM32L0xx_HAL_Driver/Src/stm32l0xx_ll_usart.o
 .debug_line    0x000000000000d9b3      0xb22 ./Drivers/STM32L0xx_HAL_Driver/Src/stm32l0xx_ll_utils.o

.debug_str      0x0000000000000000    0x788dc
 .debug_str     0x0000000000000000    0x67c32 ./Core/Src/Led.o
                                      0x68a1e (size before relaxing)
 .debug_str     0x0000000000067c32     0xaada ./Core/Src/adc.o
                                      0x6f36b (size before relaxing)
 .debug_str     0x000000000007270c       0x51 ./Core/Src/gpio.o
                                      0x6f103 (size before relaxing)
 .debug_str     0x000000000007275d      0x641 ./Core/Src/main.o
                                      0x73844 (size before relaxing)
 .debug_str     0x0000000000072d9e       0xce ./Core/Src/spi.o
                                      0x6f1b6 (size before relaxing)
 .debug_str     0x0000000000072e6c       0x2c ./Core/Src/stm32l0xx_hal_msp.o
                                      0x6f03c (size before relaxing)
 .debug_str     0x0000000000072e98       0x87 ./Core/Src/stm32l0xx_it.o
                                      0x6f4b3 (size before relaxing)
 .debug_str     0x0000000000072f1f       0x61 ./Core/Src/system_stm32l0xx.o
                                      0x61ec7 (size before relaxing)
 .debug_str     0x0000000000072f80      0x328 ./Core/Src/tim.o
                                      0x6f942 (size before relaxing)
 .debug_str     0x00000000000732a8       0xc7 ./Core/Src/usart.o
                                      0x6f1c4 (size before relaxing)
 .debug_str     0x000000000007336f       0x36 ./Core/Startup/startup_stm32l021k4tx.o
                                         0x6f (size before relaxing)
 .debug_str     0x00000000000733a5      0x3db ./Drivers/STM32L0xx_HAL_Driver/Src/stm32l0xx_hal.o
                                      0x624e7 (size before relaxing)
 .debug_str     0x0000000000073780      0x1eb ./Drivers/STM32L0xx_HAL_Driver/Src/stm32l0xx_hal_cortex.o
                                      0x621ff (size before relaxing)
 .debug_str     0x000000000007396b      0xd53 ./Drivers/STM32L0xx_HAL_Driver/Src/stm32l0xx_hal_tim.o
                                      0x631b7 (size before relaxing)
 .debug_str     0x00000000000746be       0x7d ./Drivers/STM32L0xx_HAL_Driver/Src/stm32l0xx_hal_tim_ex.o
                                      0x6238e (size before relaxing)
 .debug_str     0x000000000007473b      0xe3c ./Drivers/STM32L0xx_HAL_Driver/Src/stm32l0xx_ll_adc.o
                                      0x67930 (size before relaxing)
 .debug_str     0x0000000000075577      0x546 ./Drivers/STM32L0xx_HAL_Driver/Src/stm32l0xx_ll_gpio.o
                                      0x62ff4 (size before relaxing)
 .debug_str     0x0000000000075abd      0x534 ./Drivers/STM32L0xx_HAL_Driver/Src/stm32l0xx_ll_rcc.o
                                      0x63cbe (size before relaxing)
 .debug_str     0x0000000000075ff1      0x750 ./Drivers/STM32L0xx_HAL_Driver/Src/stm32l0xx_ll_spi.o
                                      0x64a36 (size before relaxing)
 .debug_str     0x0000000000076741      0xcf4 ./Drivers/STM32L0xx_HAL_Driver/Src/stm32l0xx_ll_tim.o
                                      0x65c48 (size before relaxing)
 .debug_str     0x0000000000077435      0x7f4 ./Drivers/STM32L0xx_HAL_Driver/Src/stm32l0xx_ll_usart.o
                                      0x655b9 (size before relaxing)
 .debug_str     0x0000000000077c29      0xcb3 ./Drivers/STM32L0xx_HAL_Driver/Src/stm32l0xx_ll_utils.o
                                      0x653af (size before relaxing)

.comment        0x0000000000000000       0x53
 .comment       0x0000000000000000       0x53 ./Core/Src/Led.o
                                         0x54 (size before relaxing)
 .comment       0x0000000000000053       0x54 ./Core/Src/adc.o
 .comment       0x0000000000000053       0x54 ./Core/Src/gpio.o
 .comment       0x0000000000000053       0x54 ./Core/Src/main.o
 .comment       0x0000000000000053       0x54 ./Core/Src/spi.o
 .comment       0x0000000000000053       0x54 ./Core/Src/stm32l0xx_hal_msp.o
 .comment       0x0000000000000053       0x54 ./Core/Src/stm32l0xx_it.o
 .comment       0x0000000000000053       0x54 ./Core/Src/system_stm32l0xx.o
 .comment       0x0000000000000053       0x54 ./Core/Src/tim.o
 .comment       0x0000000000000053       0x54 ./Core/Src/usart.o
 .comment       0x0000000000000053       0x54 ./Drivers/STM32L0xx_HAL_Driver/Src/stm32l0xx_hal.o
 .comment       0x0000000000000053       0x54 ./Drivers/STM32L0xx_HAL_Driver/Src/stm32l0xx_hal_cortex.o
 .comment       0x0000000000000053       0x54 ./Drivers/STM32L0xx_HAL_Driver/Src/stm32l0xx_hal_tim.o
 .comment       0x0000000000000053       0x54 ./Drivers/STM32L0xx_HAL_Driver/Src/stm32l0xx_hal_tim_ex.o
 .comment       0x0000000000000053       0x54 ./Drivers/STM32L0xx_HAL_Driver/Src/stm32l0xx_ll_adc.o
 .comment       0x0000000000000053       0x54 ./Drivers/STM32L0xx_HAL_Driver/Src/stm32l0xx_ll_gpio.o
 .comment       0x0000000000000053       0x54 ./Drivers/STM32L0xx_HAL_Driver/Src/stm32l0xx_ll_rcc.o
 .comment       0x0000000000000053       0x54 ./Drivers/STM32L0xx_HAL_Driver/Src/stm32l0xx_ll_spi.o
 .comment       0x0000000000000053       0x54 ./Drivers/STM32L0xx_HAL_Driver/Src/stm32l0xx_ll_tim.o
 .comment       0x0000000000000053       0x54 ./Drivers/STM32L0xx_HAL_Driver/Src/stm32l0xx_ll_usart.o
 .comment       0x0000000000000053       0x54 ./Drivers/STM32L0xx_HAL_Driver/Src/stm32l0xx_ll_utils.o

.debug_frame    0x0000000000000000     0x302c
 .debug_frame   0x0000000000000000       0xd0 ./Core/Src/Led.o
 .debug_frame   0x00000000000000d0      0x174 ./Core/Src/adc.o
 .debug_frame   0x0000000000000244       0x70 ./Core/Src/gpio.o
 .debug_frame   0x00000000000002b4      0x22c ./Core/Src/main.o
 .debug_frame   0x00000000000004e0       0x90 ./Core/Src/spi.o
 .debug_frame   0x0000000000000570       0x2c ./Core/Src/stm32l0xx_hal_msp.o
 .debug_frame   0x000000000000059c       0xb8 ./Core/Src/stm32l0xx_it.o
 .debug_frame   0x0000000000000654       0x4c ./Core/Src/system_stm32l0xx.o
 .debug_frame   0x00000000000006a0      0x194 ./Core/Src/tim.o
 .debug_frame   0x0000000000000834       0xb0 ./Core/Src/usart.o
 .debug_frame   0x00000000000008e4      0x394 ./Drivers/STM32L0xx_HAL_Driver/Src/stm32l0xx_hal.o
 .debug_frame   0x0000000000000c78      0x2a0 ./Drivers/STM32L0xx_HAL_Driver/Src/stm32l0xx_hal_cortex.o
 .debug_frame   0x0000000000000f18      0xef8 ./Drivers/STM32L0xx_HAL_Driver/Src/stm32l0xx_hal_tim.o
 .debug_frame   0x0000000000001e10       0x50 ./Drivers/STM32L0xx_HAL_Driver/Src/stm32l0xx_hal_tim_ex.o
 .debug_frame   0x0000000000001e60      0x250 ./Drivers/STM32L0xx_HAL_Driver/Src/stm32l0xx_ll_adc.o
 .debug_frame   0x00000000000020b0      0x170 ./Drivers/STM32L0xx_HAL_Driver/Src/stm32l0xx_ll_gpio.o
 .debug_frame   0x0000000000002220      0x42c ./Drivers/STM32L0xx_HAL_Driver/Src/stm32l0xx_ll_rcc.o
 .debug_frame   0x000000000000264c       0xf0 ./Drivers/STM32L0xx_HAL_Driver/Src/stm32l0xx_ll_spi.o
 .debug_frame   0x000000000000273c      0x3b0 ./Drivers/STM32L0xx_HAL_Driver/Src/stm32l0xx_ll_tim.o
 .debug_frame   0x0000000000002aec      0x190 ./Drivers/STM32L0xx_HAL_Driver/Src/stm32l0xx_ll_usart.o
 .debug_frame   0x0000000000002c7c      0x344 ./Drivers/STM32L0xx_HAL_Driver/Src/stm32l0xx_ll_utils.o
 .debug_frame   0x0000000000002fc0       0x2c /opt/stm32cubeide/plugins/com.st.stm32cube.ide.mcu.externaltools.gnu-tools-for-stm32.9-2020-q2-update.linux64_2.0.0.202105311346/tools/bin/../lib/gcc/arm-none-eabi/9.3.1/../../../../arm-none-eabi/lib/thumb/v6-m/nofp/libc_nano.a(lib_a-init.o)
 .debug_frame   0x0000000000002fec       0x20 /opt/stm32cubeide/plugins/com.st.stm32cube.ide.mcu.externaltools.gnu-tools-for-stm32.9-2020-q2-update.linux64_2.0.0.202105311346/tools/bin/../lib/gcc/arm-none-eabi/9.3.1/../../../../arm-none-eabi/lib/thumb/v6-m/nofp/libc_nano.a(lib_a-memset.o)
 .debug_frame   0x000000000000300c       0x20 /opt/stm32cubeide/plugins/com.st.stm32cube.ide.mcu.externaltools.gnu-tools-for-stm32.9-2020-q2-update.linux64_2.0.0.202105311346/tools/bin/../lib/gcc/arm-none-eabi/9.3.1/thumb/v6-m/nofp/libgcc.a(_udivsi3.o)
